// Jest Snapshot v1, https://goo.gl/fbAQLP

exports[`Paragraph render paragraph component 1`] = `
<p
  class="Paragraph-arz900-0 llfRtB"
>
  test
</p>
`;
